{"name":"untyped parity::f4(parity* this, untyped b)","description":null,"nodes":[{"id":0,"subNodes":[1,2],"text":"c = 0"},{"id":1,"text":"c"},{"id":2,"text":"0"},{"id":3,"text":"b"},{"id":4,"subNodes":[5,6],"text":"c = +(c, 2)"},{"id":5,"text":"c"},{"id":6,"subNodes":[7,8],"text":"+(c, 2)"},{"id":7,"text":"c"},{"id":8,"text":"2"},{"id":9,"subNodes":[10],"text":"return c"},{"id":10,"text":"c"}],"edges":[{"sourceId":0,"destId":3,"kind":"SequentialEdge"},{"sourceId":3,"destId":4,"kind":"TrueEdge"},{"sourceId":3,"destId":9,"kind":"FalseEdge"},{"sourceId":4,"destId":3,"kind":"SequentialEdge"}],"descriptions":[{"nodeId":0,"description":{"expressions":["c"],"state":{"heap":"monolith","type":{"b":"#TOP#","c":["int32"],"this":["parity*"]},"value":{"b":"#TOP#","c":"EVEN"}}}},{"nodeId":1,"description":{"expressions":["c"],"state":{"heap":"monolith","type":{"b":"#TOP#","this":["parity*"]},"value":{"b":"#TOP#"}}}},{"nodeId":2,"description":{"expressions":["0"],"state":{"heap":"monolith","type":{"b":"#TOP#","this":["parity*"]},"value":{"b":"#TOP#"}}}},{"nodeId":3,"description":{"expressions":["b"],"state":{"heap":"monolith","type":{"b":"#TOP#","c":["int32"],"this":["parity*"]},"value":{"b":"#TOP#","c":"EVEN"}}}},{"nodeId":4,"description":{"expressions":["c"],"state":{"heap":"monolith","type":{"b":"#TOP#","c":["int32"],"this":["parity*"]},"value":{"b":"#TOP#","c":"EVEN"}}}},{"nodeId":5,"description":{"expressions":["c"],"state":{"heap":"monolith","type":{"b":"#TOP#","c":["int32"],"this":["parity*"]},"value":{"b":"#TOP#","c":"EVEN"}}}},{"nodeId":6,"description":{"expressions":["c + 2"],"state":{"heap":"monolith","type":{"b":"#TOP#","c":["int32"],"this":["parity*"]},"value":{"b":"#TOP#","c":"EVEN"}}}},{"nodeId":7,"description":{"expressions":["c"],"state":{"heap":"monolith","type":{"b":"#TOP#","c":["int32"],"this":["parity*"]},"value":{"b":"#TOP#","c":"EVEN"}}}},{"nodeId":8,"description":{"expressions":["2"],"state":{"heap":"monolith","type":{"b":"#TOP#","c":["int32"],"this":["parity*"]},"value":{"b":"#TOP#","c":"EVEN"}}}},{"nodeId":9,"description":{"expressions":["ret_value@f4"],"state":{"heap":"monolith","type":{"b":"#TOP#","c":["int32"],"ret_value@f4":["int32"],"this":["parity*"]},"value":{"b":"#TOP#","c":"EVEN","ret_value@f4":"EVEN"}}}},{"nodeId":10,"description":{"expressions":["c"],"state":{"heap":"monolith","type":{"b":"#TOP#","c":["int32"],"this":["parity*"]},"value":{"b":"#TOP#","c":"EVEN"}}}}]}