{"name":"untyped parity::f1(parity* this)","description":null,"nodes":[{"id":0,"subNodes":[1,2],"text":"i = 2"},{"id":1,"text":"i"},{"id":2,"text":"2"},{"id":3,"subNodes":[4,5],"text":"j = 11"},{"id":4,"text":"j"},{"id":5,"text":"11"},{"id":6,"subNodes":[7,8],"text":"a = +(i, j)"},{"id":7,"text":"a"},{"id":8,"subNodes":[9,10],"text":"+(i, j)"},{"id":9,"text":"i"},{"id":10,"text":"j"},{"id":11,"subNodes":[12,13],"text":"s = -(i, j)"},{"id":12,"text":"s"},{"id":13,"subNodes":[14,15],"text":"-(i, j)"},{"id":14,"text":"i"},{"id":15,"text":"j"},{"id":16,"subNodes":[17,18],"text":"m = *(i, j)"},{"id":17,"text":"m"},{"id":18,"subNodes":[19,20],"text":"*(i, j)"},{"id":19,"text":"i"},{"id":20,"text":"j"},{"id":21,"subNodes":[22,23],"text":"n = -(i)"},{"id":22,"text":"n"},{"id":23,"subNodes":[24],"text":"-(i)"},{"id":24,"text":"i"},{"id":25,"text":"ret"}],"edges":[{"sourceId":0,"destId":3,"kind":"SequentialEdge"},{"sourceId":3,"destId":6,"kind":"SequentialEdge"},{"sourceId":6,"destId":11,"kind":"SequentialEdge"},{"sourceId":11,"destId":16,"kind":"SequentialEdge"},{"sourceId":16,"destId":21,"kind":"SequentialEdge"},{"sourceId":21,"destId":25,"kind":"SequentialEdge"}],"descriptions":[{"nodeId":0,"description":{"expressions":["i"],"state":{"heap":"monolith","type":{"i":["int32"],"this":["parity*"]},"value":{"i":"EVEN"}}}},{"nodeId":1,"description":{"expressions":["i"],"state":{"heap":"monolith","type":{"this":["parity*"]},"value":"#TOP#"}}},{"nodeId":2,"description":{"expressions":["2"],"state":{"heap":"monolith","type":{"this":["parity*"]},"value":"#TOP#"}}},{"nodeId":3,"description":{"expressions":["j"],"state":{"heap":"monolith","type":{"i":["int32"],"j":["int32"],"this":["parity*"]},"value":{"i":"EVEN","j":"ODD"}}}},{"nodeId":4,"description":{"expressions":["j"],"state":{"heap":"monolith","type":{"i":["int32"],"this":["parity*"]},"value":{"i":"EVEN"}}}},{"nodeId":5,"description":{"expressions":["11"],"state":{"heap":"monolith","type":{"i":["int32"],"this":["parity*"]},"value":{"i":"EVEN"}}}},{"nodeId":6,"description":{"expressions":["a"],"state":{"heap":"monolith","type":{"a":["int32"],"i":["int32"],"j":["int32"],"this":["parity*"]},"value":{"a":"ODD","i":"EVEN","j":"ODD"}}}},{"nodeId":7,"description":{"expressions":["a"],"state":{"heap":"monolith","type":{"i":["int32"],"j":["int32"],"this":["parity*"]},"value":{"i":"EVEN","j":"ODD"}}}},{"nodeId":8,"description":{"expressions":["i + j"],"state":{"heap":"monolith","type":{"i":["int32"],"j":["int32"],"this":["parity*"]},"value":{"i":"EVEN","j":"ODD"}}}},{"nodeId":9,"description":{"expressions":["i"],"state":{"heap":"monolith","type":{"i":["int32"],"j":["int32"],"this":["parity*"]},"value":{"i":"EVEN","j":"ODD"}}}},{"nodeId":10,"description":{"expressions":["j"],"state":{"heap":"monolith","type":{"i":["int32"],"j":["int32"],"this":["parity*"]},"value":{"i":"EVEN","j":"ODD"}}}},{"nodeId":11,"description":{"expressions":["s"],"state":{"heap":"monolith","type":{"a":["int32"],"i":["int32"],"j":["int32"],"s":["int32"],"this":["parity*"]},"value":{"a":"ODD","i":"EVEN","j":"ODD","s":"ODD"}}}},{"nodeId":12,"description":{"expressions":["s"],"state":{"heap":"monolith","type":{"a":["int32"],"i":["int32"],"j":["int32"],"this":["parity*"]},"value":{"a":"ODD","i":"EVEN","j":"ODD"}}}},{"nodeId":13,"description":{"expressions":["i - j"],"state":{"heap":"monolith","type":{"a":["int32"],"i":["int32"],"j":["int32"],"this":["parity*"]},"value":{"a":"ODD","i":"EVEN","j":"ODD"}}}},{"nodeId":14,"description":{"expressions":["i"],"state":{"heap":"monolith","type":{"a":["int32"],"i":["int32"],"j":["int32"],"this":["parity*"]},"value":{"a":"ODD","i":"EVEN","j":"ODD"}}}},{"nodeId":15,"description":{"expressions":["j"],"state":{"heap":"monolith","type":{"a":["int32"],"i":["int32"],"j":["int32"],"this":["parity*"]},"value":{"a":"ODD","i":"EVEN","j":"ODD"}}}},{"nodeId":16,"description":{"expressions":["m"],"state":{"heap":"monolith","type":{"a":["int32"],"i":["int32"],"j":["int32"],"m":["int32"],"s":["int32"],"this":["parity*"]},"value":{"a":"ODD","i":"EVEN","j":"ODD","m":"EVEN","s":"ODD"}}}},{"nodeId":17,"description":{"expressions":["m"],"state":{"heap":"monolith","type":{"a":["int32"],"i":["int32"],"j":["int32"],"s":["int32"],"this":["parity*"]},"value":{"a":"ODD","i":"EVEN","j":"ODD","s":"ODD"}}}},{"nodeId":18,"description":{"expressions":["i * j"],"state":{"heap":"monolith","type":{"a":["int32"],"i":["int32"],"j":["int32"],"s":["int32"],"this":["parity*"]},"value":{"a":"ODD","i":"EVEN","j":"ODD","s":"ODD"}}}},{"nodeId":19,"description":{"expressions":["i"],"state":{"heap":"monolith","type":{"a":["int32"],"i":["int32"],"j":["int32"],"s":["int32"],"this":["parity*"]},"value":{"a":"ODD","i":"EVEN","j":"ODD","s":"ODD"}}}},{"nodeId":20,"description":{"expressions":["j"],"state":{"heap":"monolith","type":{"a":["int32"],"i":["int32"],"j":["int32"],"s":["int32"],"this":["parity*"]},"value":{"a":"ODD","i":"EVEN","j":"ODD","s":"ODD"}}}},{"nodeId":21,"description":{"expressions":["n"],"state":{"heap":"monolith","type":{"a":["int32"],"i":["int32"],"j":["int32"],"m":["int32"],"n":["int32"],"s":["int32"],"this":["parity*"]},"value":{"a":"ODD","i":"EVEN","j":"ODD","m":"EVEN","n":"EVEN","s":"ODD"}}}},{"nodeId":22,"description":{"expressions":["n"],"state":{"heap":"monolith","type":{"a":["int32"],"i":["int32"],"j":["int32"],"m":["int32"],"s":["int32"],"this":["parity*"]},"value":{"a":"ODD","i":"EVEN","j":"ODD","m":"EVEN","s":"ODD"}}}},{"nodeId":23,"description":{"expressions":["- i"],"state":{"heap":"monolith","type":{"a":["int32"],"i":["int32"],"j":["int32"],"m":["int32"],"s":["int32"],"this":["parity*"]},"value":{"a":"ODD","i":"EVEN","j":"ODD","m":"EVEN","s":"ODD"}}}},{"nodeId":24,"description":{"expressions":["i"],"state":{"heap":"monolith","type":{"a":["int32"],"i":["int32"],"j":["int32"],"m":["int32"],"s":["int32"],"this":["parity*"]},"value":{"a":"ODD","i":"EVEN","j":"ODD","m":"EVEN","s":"ODD"}}}},{"nodeId":25,"description":{"expressions":["skip"],"state":{"heap":"monolith","type":{"a":["int32"],"i":["int32"],"j":["int32"],"m":["int32"],"n":["int32"],"s":["int32"],"this":["parity*"]},"value":{"a":"ODD","i":"EVEN","j":"ODD","m":"EVEN","n":"EVEN","s":"ODD"}}}}]}