{"name":"untyped parity::f2(parity* this, untyped a, untyped b)","description":null,"nodes":[{"id":0,"subNodes":[1,2],"text":"x = 0"},{"id":1,"text":"x"},{"id":2,"text":"0"},{"id":3,"subNodes":[4,5],"text":">(a, b)"},{"id":4,"text":"a"},{"id":5,"text":"b"},{"id":6,"subNodes":[7,8],"text":"x = *(x, 2)"},{"id":7,"text":"x"},{"id":8,"subNodes":[9,10],"text":"*(x, 2)"},{"id":9,"text":"x"},{"id":10,"text":"2"},{"id":11,"subNodes":[12,13],"text":"x = -(x, 7)"},{"id":12,"text":"x"},{"id":13,"subNodes":[14,15],"text":"-(x, 7)"},{"id":14,"text":"x"},{"id":15,"text":"7"},{"id":16,"subNodes":[17,18],"text":"y = -(x)"},{"id":17,"text":"y"},{"id":18,"subNodes":[19],"text":"-(x)"},{"id":19,"text":"x"},{"id":20,"subNodes":[21,22],"text":"z = +(y, y)"},{"id":21,"text":"z"},{"id":22,"subNodes":[23,24],"text":"+(y, y)"},{"id":23,"text":"y"},{"id":24,"text":"y"},{"id":25,"text":"ret"}],"edges":[{"sourceId":0,"destId":3,"kind":"SequentialEdge"},{"sourceId":3,"destId":6,"kind":"TrueEdge"},{"sourceId":3,"destId":11,"kind":"FalseEdge"},{"sourceId":6,"destId":16,"kind":"SequentialEdge"},{"sourceId":11,"destId":16,"kind":"SequentialEdge"},{"sourceId":16,"destId":20,"kind":"SequentialEdge"},{"sourceId":20,"destId":25,"kind":"SequentialEdge"}],"descriptions":[{"nodeId":0,"description":{"expressions":["x"],"state":{"heap":"monolith","type":{"a":"#TOP#","b":"#TOP#","this":["parity*"],"x":["int32"]},"value":{"a":"#TOP#","b":"#TOP#","x":"EVEN"}}}},{"nodeId":1,"description":{"expressions":["x"],"state":{"heap":"monolith","type":{"a":"#TOP#","b":"#TOP#","this":["parity*"]},"value":{"a":"#TOP#","b":"#TOP#"}}}},{"nodeId":2,"description":{"expressions":["0"],"state":{"heap":"monolith","type":{"a":"#TOP#","b":"#TOP#","this":["parity*"]},"value":{"a":"#TOP#","b":"#TOP#"}}}},{"nodeId":3,"description":{"expressions":["a > b"],"state":{"heap":"monolith","type":{"a":"#TOP#","b":"#TOP#","this":["parity*"],"x":["int32"]},"value":{"a":"#TOP#","b":"#TOP#","x":"EVEN"}}}},{"nodeId":4,"description":{"expressions":["a"],"state":{"heap":"monolith","type":{"a":"#TOP#","b":"#TOP#","this":["parity*"],"x":["int32"]},"value":{"a":"#TOP#","b":"#TOP#","x":"EVEN"}}}},{"nodeId":5,"description":{"expressions":["b"],"state":{"heap":"monolith","type":{"a":"#TOP#","b":"#TOP#","this":["parity*"],"x":["int32"]},"value":{"a":"#TOP#","b":"#TOP#","x":"EVEN"}}}},{"nodeId":6,"description":{"expressions":["x"],"state":{"heap":"monolith","type":{"a":"#TOP#","b":"#TOP#","this":["parity*"],"x":["int32"]},"value":{"a":"#TOP#","b":"#TOP#","x":"EVEN"}}}},{"nodeId":7,"description":{"expressions":["x"],"state":{"heap":"monolith","type":{"a":"#TOP#","b":"#TOP#","this":["parity*"],"x":["int32"]},"value":{"a":"#TOP#","b":"#TOP#","x":"EVEN"}}}},{"nodeId":8,"description":{"expressions":["x * 2"],"state":{"heap":"monolith","type":{"a":"#TOP#","b":"#TOP#","this":["parity*"],"x":["int32"]},"value":{"a":"#TOP#","b":"#TOP#","x":"EVEN"}}}},{"nodeId":9,"description":{"expressions":["x"],"state":{"heap":"monolith","type":{"a":"#TOP#","b":"#TOP#","this":["parity*"],"x":["int32"]},"value":{"a":"#TOP#","b":"#TOP#","x":"EVEN"}}}},{"nodeId":10,"description":{"expressions":["2"],"state":{"heap":"monolith","type":{"a":"#TOP#","b":"#TOP#","this":["parity*"],"x":["int32"]},"value":{"a":"#TOP#","b":"#TOP#","x":"EVEN"}}}},{"nodeId":11,"description":{"expressions":["x"],"state":{"heap":"monolith","type":{"a":"#TOP#","b":"#TOP#","this":["parity*"],"x":["int32"]},"value":{"a":"#TOP#","b":"#TOP#","x":"ODD"}}}},{"nodeId":12,"description":{"expressions":["x"],"state":{"heap":"monolith","type":{"a":"#TOP#","b":"#TOP#","this":["parity*"],"x":["int32"]},"value":{"a":"#TOP#","b":"#TOP#","x":"EVEN"}}}},{"nodeId":13,"description":{"expressions":["x - 7"],"state":{"heap":"monolith","type":{"a":"#TOP#","b":"#TOP#","this":["parity*"],"x":["int32"]},"value":{"a":"#TOP#","b":"#TOP#","x":"EVEN"}}}},{"nodeId":14,"description":{"expressions":["x"],"state":{"heap":"monolith","type":{"a":"#TOP#","b":"#TOP#","this":["parity*"],"x":["int32"]},"value":{"a":"#TOP#","b":"#TOP#","x":"EVEN"}}}},{"nodeId":15,"description":{"expressions":["7"],"state":{"heap":"monolith","type":{"a":"#TOP#","b":"#TOP#","this":["parity*"],"x":["int32"]},"value":{"a":"#TOP#","b":"#TOP#","x":"EVEN"}}}},{"nodeId":16,"description":{"expressions":["y"],"state":{"heap":"monolith","type":{"a":"#TOP#","b":"#TOP#","this":["parity*"],"x":["int32"],"y":["int32"]},"value":{"a":"#TOP#","b":"#TOP#","x":"#TOP#","y":"#TOP#"}}}},{"nodeId":17,"description":{"expressions":["y"],"state":{"heap":"monolith","type":{"a":"#TOP#","b":"#TOP#","this":["parity*"],"x":["int32"]},"value":{"a":"#TOP#","b":"#TOP#","x":"#TOP#"}}}},{"nodeId":18,"description":{"expressions":["- x"],"state":{"heap":"monolith","type":{"a":"#TOP#","b":"#TOP#","this":["parity*"],"x":["int32"]},"value":{"a":"#TOP#","b":"#TOP#","x":"#TOP#"}}}},{"nodeId":19,"description":{"expressions":["x"],"state":{"heap":"monolith","type":{"a":"#TOP#","b":"#TOP#","this":["parity*"],"x":["int32"]},"value":{"a":"#TOP#","b":"#TOP#","x":"#TOP#"}}}},{"nodeId":20,"description":{"expressions":["z"],"state":{"heap":"monolith","type":{"a":"#TOP#","b":"#TOP#","this":["parity*"],"x":["int32"],"y":["int32"],"z":["int32"]},"value":{"a":"#TOP#","b":"#TOP#","x":"#TOP#","y":"#TOP#","z":"#TOP#"}}}},{"nodeId":21,"description":{"expressions":["z"],"state":{"heap":"monolith","type":{"a":"#TOP#","b":"#TOP#","this":["parity*"],"x":["int32"],"y":["int32"]},"value":{"a":"#TOP#","b":"#TOP#","x":"#TOP#","y":"#TOP#"}}}},{"nodeId":22,"description":{"expressions":["y + y"],"state":{"heap":"monolith","type":{"a":"#TOP#","b":"#TOP#","this":["parity*"],"x":["int32"],"y":["int32"]},"value":{"a":"#TOP#","b":"#TOP#","x":"#TOP#","y":"#TOP#"}}}},{"nodeId":23,"description":{"expressions":["y"],"state":{"heap":"monolith","type":{"a":"#TOP#","b":"#TOP#","this":["parity*"],"x":["int32"],"y":["int32"]},"value":{"a":"#TOP#","b":"#TOP#","x":"#TOP#","y":"#TOP#"}}}},{"nodeId":24,"description":{"expressions":["y"],"state":{"heap":"monolith","type":{"a":"#TOP#","b":"#TOP#","this":["parity*"],"x":["int32"],"y":["int32"]},"value":{"a":"#TOP#","b":"#TOP#","x":"#TOP#","y":"#TOP#"}}}},{"nodeId":25,"description":{"expressions":["skip"],"state":{"heap":"monolith","type":{"a":"#TOP#","b":"#TOP#","this":["parity*"],"x":["int32"],"y":["int32"],"z":["int32"]},"value":{"a":"#TOP#","b":"#TOP#","x":"#TOP#","y":"#TOP#","z":"#TOP#"}}}}]}