{"name":"untyped cp::f3(cp* this, untyped i)","description":null,"nodes":[{"id":0,"subNodes":[1,2],"text":"j = 9"},{"id":1,"text":"j"},{"id":2,"text":"9"},{"id":3,"subNodes":[4,5],"text":"!=(j, 0)"},{"id":4,"text":"j"},{"id":5,"text":"0"},{"id":6,"subNodes":[7,8],"text":"i = /(i, j)"},{"id":7,"text":"i"},{"id":8,"subNodes":[9,10],"text":"/(i, j)"},{"id":9,"text":"i"},{"id":10,"text":"j"},{"id":11,"subNodes":[12,13],"text":"i = 3"},{"id":12,"text":"i"},{"id":13,"text":"3"},{"id":14,"subNodes":[15],"text":"return i"},{"id":15,"text":"i"}],"edges":[{"sourceId":0,"destId":3,"kind":"SequentialEdge"},{"sourceId":3,"destId":6,"kind":"TrueEdge"},{"sourceId":3,"destId":11,"kind":"FalseEdge"},{"sourceId":6,"destId":14,"kind":"SequentialEdge"},{"sourceId":11,"destId":14,"kind":"SequentialEdge"}],"descriptions":[{"nodeId":0,"description":{"expressions":["j"],"state":{"heap":"monolith","type":{"i":"#TOP#","j":["int32"],"this":["cp*"]},"value":[["j","9"]]}}},{"nodeId":1,"description":{"expressions":["j"],"state":{"heap":"monolith","type":{"i":"#TOP#","this":["cp*"]},"value":[]}}},{"nodeId":2,"description":{"expressions":["9"],"state":{"heap":"monolith","type":{"i":"#TOP#","this":["cp*"]},"value":[]}}},{"nodeId":3,"description":{"expressions":["j != 0"],"state":{"heap":"monolith","type":{"i":"#TOP#","j":["int32"],"this":["cp*"]},"value":[["j","9"]]}}},{"nodeId":4,"description":{"expressions":["j"],"state":{"heap":"monolith","type":{"i":"#TOP#","j":["int32"],"this":["cp*"]},"value":[["j","9"]]}}},{"nodeId":5,"description":{"expressions":["0"],"state":{"heap":"monolith","type":{"i":"#TOP#","j":["int32"],"this":["cp*"]},"value":[["j","9"]]}}},{"nodeId":6,"description":{"expressions":["i"],"state":{"heap":"monolith","type":{"i":["float32","int32"],"j":["int32"],"this":["cp*"]},"value":[["j","9"]]}}},{"nodeId":7,"description":{"expressions":["i"],"state":{"heap":"monolith","type":{"i":"#TOP#","j":["int32"],"this":["cp*"]},"value":[["j","9"]]}}},{"nodeId":8,"description":{"expressions":["i / j"],"state":{"heap":"monolith","type":{"i":"#TOP#","j":["int32"],"this":["cp*"]},"value":[["j","9"]]}}},{"nodeId":9,"description":{"expressions":["i"],"state":{"heap":"monolith","type":{"i":"#TOP#","j":["int32"],"this":["cp*"]},"value":[["j","9"]]}}},{"nodeId":10,"description":{"expressions":["j"],"state":{"heap":"monolith","type":{"i":"#TOP#","j":["int32"],"this":["cp*"]},"value":[["j","9"]]}}},{"nodeId":11,"description":{"expressions":["i"],"state":{"heap":"monolith","type":{"i":["int32"],"j":["int32"],"this":["cp*"]},"value":[["i","3"],["j","9"]]}}},{"nodeId":12,"description":{"expressions":["i"],"state":{"heap":"monolith","type":{"i":"#TOP#","j":["int32"],"this":["cp*"]},"value":[["j","9"]]}}},{"nodeId":13,"description":{"expressions":["3"],"state":{"heap":"monolith","type":{"i":"#TOP#","j":["int32"],"this":["cp*"]},"value":[["j","9"]]}}},{"nodeId":14,"description":{"expressions":["ret_value@f3"],"state":{"heap":"monolith","type":{"i":["float32","int32"],"j":["int32"],"ret_value@f3":["float32","int32"],"this":["cp*"]},"value":[["j","9"]]}}},{"nodeId":15,"description":{"expressions":["i"],"state":{"heap":"monolith","type":{"i":["float32","int32"],"j":["int32"],"this":["cp*"]},"value":[["j","9"]]}}}]}