{"name":"untyped cp::f0(cp* this)","description":null,"nodes":[{"id":0,"subNodes":[1,2],"text":"x = 10"},{"id":1,"text":"x"},{"id":2,"text":"10"},{"id":3,"subNodes":[4,5],"text":"y = 5"},{"id":4,"text":"y"},{"id":5,"text":"5"},{"id":6,"subNodes":[7,8],"text":"z = *(x, y)"},{"id":7,"text":"z"},{"id":8,"subNodes":[9,10],"text":"*(x, y)"},{"id":9,"text":"x"},{"id":10,"text":"y"},{"id":11,"subNodes":[12,13],"text":"d = +(5, 7)"},{"id":12,"text":"d"},{"id":13,"subNodes":[14,15],"text":"+(5, 7)"},{"id":14,"text":"5"},{"id":15,"text":"7"},{"id":16,"subNodes":[17,18],"text":"w = -(9, y)"},{"id":17,"text":"w"},{"id":18,"subNodes":[19,20],"text":"-(9, y)"},{"id":19,"text":"9"},{"id":20,"text":"y"},{"id":21,"subNodes":[22,23],"text":"k = /(x, y)"},{"id":22,"text":"k"},{"id":23,"subNodes":[24,25],"text":"/(x, y)"},{"id":24,"text":"x"},{"id":25,"text":"y"},{"id":26,"subNodes":[27,28],"text":"p = -(k)"},{"id":27,"text":"p"},{"id":28,"subNodes":[29],"text":"-(k)"},{"id":29,"text":"k"},{"id":30,"subNodes":[31,32],"text":"l = -(+(*(x, y), 4), z)"},{"id":31,"text":"l"},{"id":32,"subNodes":[33,38],"text":"-(+(*(x, y), 4), z)"},{"id":33,"subNodes":[34,37],"text":"+(*(x, y), 4)"},{"id":34,"subNodes":[35,36],"text":"*(x, y)"},{"id":35,"text":"x"},{"id":36,"text":"y"},{"id":37,"text":"4"},{"id":38,"text":"z"},{"id":39,"text":"ret"}],"edges":[{"sourceId":0,"destId":3,"kind":"SequentialEdge"},{"sourceId":3,"destId":6,"kind":"SequentialEdge"},{"sourceId":6,"destId":11,"kind":"SequentialEdge"},{"sourceId":11,"destId":16,"kind":"SequentialEdge"},{"sourceId":16,"destId":21,"kind":"SequentialEdge"},{"sourceId":21,"destId":26,"kind":"SequentialEdge"},{"sourceId":26,"destId":30,"kind":"SequentialEdge"},{"sourceId":30,"destId":39,"kind":"SequentialEdge"}],"descriptions":[{"nodeId":0,"description":{"expressions":["x"],"state":{"heap":"monolith","type":{"this":["cp*"],"x":["int32"]},"value":[["x","10"]]}}},{"nodeId":1,"description":{"expressions":["x"],"state":{"heap":"monolith","type":{"this":["cp*"]},"value":[]}}},{"nodeId":2,"description":{"expressions":["10"],"state":{"heap":"monolith","type":{"this":["cp*"]},"value":[]}}},{"nodeId":3,"description":{"expressions":["y"],"state":{"heap":"monolith","type":{"this":["cp*"],"x":["int32"],"y":["int32"]},"value":[["x","10"],["y","5"]]}}},{"nodeId":4,"description":{"expressions":["y"],"state":{"heap":"monolith","type":{"this":["cp*"],"x":["int32"]},"value":[["x","10"]]}}},{"nodeId":5,"description":{"expressions":["5"],"state":{"heap":"monolith","type":{"this":["cp*"],"x":["int32"]},"value":[["x","10"]]}}},{"nodeId":6,"description":{"expressions":["z"],"state":{"heap":"monolith","type":{"this":["cp*"],"x":["int32"],"y":["int32"],"z":["int32"]},"value":[["x","10"],["y","5"],["z","50"]]}}},{"nodeId":7,"description":{"expressions":["z"],"state":{"heap":"monolith","type":{"this":["cp*"],"x":["int32"],"y":["int32"]},"value":[["x","10"],["y","5"]]}}},{"nodeId":8,"description":{"expressions":["x * y"],"state":{"heap":"monolith","type":{"this":["cp*"],"x":["int32"],"y":["int32"]},"value":[["x","10"],["y","5"]]}}},{"nodeId":9,"description":{"expressions":["x"],"state":{"heap":"monolith","type":{"this":["cp*"],"x":["int32"],"y":["int32"]},"value":[["x","10"],["y","5"]]}}},{"nodeId":10,"description":{"expressions":["y"],"state":{"heap":"monolith","type":{"this":["cp*"],"x":["int32"],"y":["int32"]},"value":[["x","10"],["y","5"]]}}},{"nodeId":11,"description":{"expressions":["d"],"state":{"heap":"monolith","type":{"d":["int32"],"this":["cp*"],"x":["int32"],"y":["int32"],"z":["int32"]},"value":[["d","12"],["x","10"],["y","5"],["z","50"]]}}},{"nodeId":12,"description":{"expressions":["d"],"state":{"heap":"monolith","type":{"this":["cp*"],"x":["int32"],"y":["int32"],"z":["int32"]},"value":[["x","10"],["y","5"],["z","50"]]}}},{"nodeId":13,"description":{"expressions":["5 + 7"],"state":{"heap":"monolith","type":{"this":["cp*"],"x":["int32"],"y":["int32"],"z":["int32"]},"value":[["x","10"],["y","5"],["z","50"]]}}},{"nodeId":14,"description":{"expressions":["5"],"state":{"heap":"monolith","type":{"this":["cp*"],"x":["int32"],"y":["int32"],"z":["int32"]},"value":[["x","10"],["y","5"],["z","50"]]}}},{"nodeId":15,"description":{"expressions":["7"],"state":{"heap":"monolith","type":{"this":["cp*"],"x":["int32"],"y":["int32"],"z":["int32"]},"value":[["x","10"],["y","5"],["z","50"]]}}},{"nodeId":16,"description":{"expressions":["w"],"state":{"heap":"monolith","type":{"d":["int32"],"this":["cp*"],"w":["int32"],"x":["int32"],"y":["int32"],"z":["int32"]},"value":[["d","12"],["w","4"],["x","10"],["y","5"],["z","50"]]}}},{"nodeId":17,"description":{"expressions":["w"],"state":{"heap":"monolith","type":{"d":["int32"],"this":["cp*"],"x":["int32"],"y":["int32"],"z":["int32"]},"value":[["d","12"],["x","10"],["y","5"],["z","50"]]}}},{"nodeId":18,"description":{"expressions":["9 - y"],"state":{"heap":"monolith","type":{"d":["int32"],"this":["cp*"],"x":["int32"],"y":["int32"],"z":["int32"]},"value":[["d","12"],["x","10"],["y","5"],["z","50"]]}}},{"nodeId":19,"description":{"expressions":["9"],"state":{"heap":"monolith","type":{"d":["int32"],"this":["cp*"],"x":["int32"],"y":["int32"],"z":["int32"]},"value":[["d","12"],["x","10"],["y","5"],["z","50"]]}}},{"nodeId":20,"description":{"expressions":["y"],"state":{"heap":"monolith","type":{"d":["int32"],"this":["cp*"],"x":["int32"],"y":["int32"],"z":["int32"]},"value":[["d","12"],["x","10"],["y","5"],["z","50"]]}}},{"nodeId":21,"description":{"expressions":["k"],"state":{"heap":"monolith","type":{"d":["int32"],"k":["int32"],"this":["cp*"],"w":["int32"],"x":["int32"],"y":["int32"],"z":["int32"]},"value":[["d","12"],["k","2"],["w","4"],["x","10"],["y","5"],["z","50"]]}}},{"nodeId":22,"description":{"expressions":["k"],"state":{"heap":"monolith","type":{"d":["int32"],"this":["cp*"],"w":["int32"],"x":["int32"],"y":["int32"],"z":["int32"]},"value":[["d","12"],["w","4"],["x","10"],["y","5"],["z","50"]]}}},{"nodeId":23,"description":{"expressions":["x / y"],"state":{"heap":"monolith","type":{"d":["int32"],"this":["cp*"],"w":["int32"],"x":["int32"],"y":["int32"],"z":["int32"]},"value":[["d","12"],["w","4"],["x","10"],["y","5"],["z","50"]]}}},{"nodeId":24,"description":{"expressions":["x"],"state":{"heap":"monolith","type":{"d":["int32"],"this":["cp*"],"w":["int32"],"x":["int32"],"y":["int32"],"z":["int32"]},"value":[["d","12"],["w","4"],["x","10"],["y","5"],["z","50"]]}}},{"nodeId":25,"description":{"expressions":["y"],"state":{"heap":"monolith","type":{"d":["int32"],"this":["cp*"],"w":["int32"],"x":["int32"],"y":["int32"],"z":["int32"]},"value":[["d","12"],["w","4"],["x","10"],["y","5"],["z","50"]]}}},{"nodeId":26,"description":{"expressions":["p"],"state":{"heap":"monolith","type":{"d":["int32"],"k":["int32"],"p":["int32"],"this":["cp*"],"w":["int32"],"x":["int32"],"y":["int32"],"z":["int32"]},"value":[["d","12"],["k","2"],["p","-2"],["w","4"],["x","10"],["y","5"],["z","50"]]}}},{"nodeId":27,"description":{"expressions":["p"],"state":{"heap":"monolith","type":{"d":["int32"],"k":["int32"],"this":["cp*"],"w":["int32"],"x":["int32"],"y":["int32"],"z":["int32"]},"value":[["d","12"],["k","2"],["w","4"],["x","10"],["y","5"],["z","50"]]}}},{"nodeId":28,"description":{"expressions":["- k"],"state":{"heap":"monolith","type":{"d":["int32"],"k":["int32"],"this":["cp*"],"w":["int32"],"x":["int32"],"y":["int32"],"z":["int32"]},"value":[["d","12"],["k","2"],["w","4"],["x","10"],["y","5"],["z","50"]]}}},{"nodeId":29,"description":{"expressions":["k"],"state":{"heap":"monolith","type":{"d":["int32"],"k":["int32"],"this":["cp*"],"w":["int32"],"x":["int32"],"y":["int32"],"z":["int32"]},"value":[["d","12"],["k","2"],["w","4"],["x","10"],["y","5"],["z","50"]]}}},{"nodeId":30,"description":{"expressions":["l"],"state":{"heap":"monolith","type":{"d":["int32"],"k":["int32"],"l":["int32"],"p":["int32"],"this":["cp*"],"w":["int32"],"x":["int32"],"y":["int32"],"z":["int32"]},"value":[["d","12"],["k","2"],["l","4"],["p","-2"],["w","4"],["x","10"],["y","5"],["z","50"]]}}},{"nodeId":31,"description":{"expressions":["l"],"state":{"heap":"monolith","type":{"d":["int32"],"k":["int32"],"p":["int32"],"this":["cp*"],"w":["int32"],"x":["int32"],"y":["int32"],"z":["int32"]},"value":[["d","12"],["k","2"],["p","-2"],["w","4"],["x","10"],["y","5"],["z","50"]]}}},{"nodeId":32,"description":{"expressions":["x * y + 4 - z"],"state":{"heap":"monolith","type":{"d":["int32"],"k":["int32"],"p":["int32"],"this":["cp*"],"w":["int32"],"x":["int32"],"y":["int32"],"z":["int32"]},"value":[["d","12"],["k","2"],["p","-2"],["w","4"],["x","10"],["y","5"],["z","50"]]}}},{"nodeId":33,"description":{"expressions":["x * y + 4"],"state":{"heap":"monolith","type":{"d":["int32"],"k":["int32"],"p":["int32"],"this":["cp*"],"w":["int32"],"x":["int32"],"y":["int32"],"z":["int32"]},"value":[["d","12"],["k","2"],["p","-2"],["w","4"],["x","10"],["y","5"],["z","50"]]}}},{"nodeId":34,"description":{"expressions":["x * y"],"state":{"heap":"monolith","type":{"d":["int32"],"k":["int32"],"p":["int32"],"this":["cp*"],"w":["int32"],"x":["int32"],"y":["int32"],"z":["int32"]},"value":[["d","12"],["k","2"],["p","-2"],["w","4"],["x","10"],["y","5"],["z","50"]]}}},{"nodeId":35,"description":{"expressions":["x"],"state":{"heap":"monolith","type":{"d":["int32"],"k":["int32"],"p":["int32"],"this":["cp*"],"w":["int32"],"x":["int32"],"y":["int32"],"z":["int32"]},"value":[["d","12"],["k","2"],["p","-2"],["w","4"],["x","10"],["y","5"],["z","50"]]}}},{"nodeId":36,"description":{"expressions":["y"],"state":{"heap":"monolith","type":{"d":["int32"],"k":["int32"],"p":["int32"],"this":["cp*"],"w":["int32"],"x":["int32"],"y":["int32"],"z":["int32"]},"value":[["d","12"],["k","2"],["p","-2"],["w","4"],["x","10"],["y","5"],["z","50"]]}}},{"nodeId":37,"description":{"expressions":["4"],"state":{"heap":"monolith","type":{"d":["int32"],"k":["int32"],"p":["int32"],"this":["cp*"],"w":["int32"],"x":["int32"],"y":["int32"],"z":["int32"]},"value":[["d","12"],["k","2"],["p","-2"],["w","4"],["x","10"],["y","5"],["z","50"]]}}},{"nodeId":38,"description":{"expressions":["z"],"state":{"heap":"monolith","type":{"d":["int32"],"k":["int32"],"p":["int32"],"this":["cp*"],"w":["int32"],"x":["int32"],"y":["int32"],"z":["int32"]},"value":[["d","12"],["k","2"],["p","-2"],["w","4"],["x","10"],["y","5"],["z","50"]]}}},{"nodeId":39,"description":{"expressions":["skip"],"state":{"heap":"monolith","type":{"d":["int32"],"k":["int32"],"l":["int32"],"p":["int32"],"this":["cp*"],"w":["int32"],"x":["int32"],"y":["int32"],"z":["int32"]},"value":[["d","12"],["k","2"],["l","4"],["p","-2"],["w","4"],["x","10"],["y","5"],["z","50"]]}}}]}