{"name":"untyped cp::f1(cp* this)","description":null,"nodes":[{"id":0,"subNodes":[1,2],"text":"xy = 0"},{"id":1,"text":"xy"},{"id":2,"text":"0"},{"id":3,"subNodes":[4,5],"text":"b = -1"},{"id":4,"text":"b"},{"id":5,"text":"-1"},{"id":6,"subNodes":[7,8],"text":"y = 3"},{"id":7,"text":"y"},{"id":8,"text":"3"},{"id":9,"subNodes":[10,11],"text":"z = 5"},{"id":10,"text":"z"},{"id":11,"text":"5"},{"id":12,"subNodes":[13,14],"text":"==(xy, 0)"},{"id":13,"text":"xy"},{"id":14,"text":"0"},{"id":15,"subNodes":[16,17],"text":"xy = z"},{"id":16,"text":"xy"},{"id":17,"text":"z"},{"id":18,"subNodes":[19,20],"text":"b = +(xy, y)"},{"id":19,"text":"b"},{"id":20,"subNodes":[21,22],"text":"+(xy, y)"},{"id":21,"text":"xy"},{"id":22,"text":"y"},{"id":23,"subNodes":[24,25],"text":"xy = 1"},{"id":24,"text":"xy"},{"id":25,"text":"1"},{"id":26,"subNodes":[27,28],"text":"b = +(xy, y)"},{"id":27,"text":"b"},{"id":28,"subNodes":[29,30],"text":"+(xy, y)"},{"id":29,"text":"xy"},{"id":30,"text":"y"},{"id":31,"text":"ret"}],"edges":[{"sourceId":0,"destId":3,"kind":"SequentialEdge"},{"sourceId":3,"destId":6,"kind":"SequentialEdge"},{"sourceId":6,"destId":9,"kind":"SequentialEdge"},{"sourceId":9,"destId":12,"kind":"SequentialEdge"},{"sourceId":12,"destId":15,"kind":"TrueEdge"},{"sourceId":12,"destId":23,"kind":"FalseEdge"},{"sourceId":15,"destId":18,"kind":"SequentialEdge"},{"sourceId":18,"destId":31,"kind":"SequentialEdge"},{"sourceId":23,"destId":26,"kind":"SequentialEdge"},{"sourceId":26,"destId":31,"kind":"SequentialEdge"}],"descriptions":[{"nodeId":0,"description":{"expressions":["xy"],"state":{"heap":"monolith","type":{"this":["cp*"],"xy":["int32"]},"value":[["xy","0"]]}}},{"nodeId":1,"description":{"expressions":["xy"],"state":{"heap":"monolith","type":{"this":["cp*"]},"value":[]}}},{"nodeId":2,"description":{"expressions":["0"],"state":{"heap":"monolith","type":{"this":["cp*"]},"value":[]}}},{"nodeId":3,"description":{"expressions":["b"],"state":{"heap":"monolith","type":{"b":["int32"],"this":["cp*"],"xy":["int32"]},"value":[["b","-1"],["xy","0"]]}}},{"nodeId":4,"description":{"expressions":["b"],"state":{"heap":"monolith","type":{"this":["cp*"],"xy":["int32"]},"value":[["xy","0"]]}}},{"nodeId":5,"description":{"expressions":["-1"],"state":{"heap":"monolith","type":{"this":["cp*"],"xy":["int32"]},"value":[["xy","0"]]}}},{"nodeId":6,"description":{"expressions":["y"],"state":{"heap":"monolith","type":{"b":["int32"],"this":["cp*"],"xy":["int32"],"y":["int32"]},"value":[["b","-1"],["xy","0"],["y","3"]]}}},{"nodeId":7,"description":{"expressions":["y"],"state":{"heap":"monolith","type":{"b":["int32"],"this":["cp*"],"xy":["int32"]},"value":[["b","-1"],["xy","0"]]}}},{"nodeId":8,"description":{"expressions":["3"],"state":{"heap":"monolith","type":{"b":["int32"],"this":["cp*"],"xy":["int32"]},"value":[["b","-1"],["xy","0"]]}}},{"nodeId":9,"description":{"expressions":["z"],"state":{"heap":"monolith","type":{"b":["int32"],"this":["cp*"],"xy":["int32"],"y":["int32"],"z":["int32"]},"value":[["b","-1"],["xy","0"],["y","3"],["z","5"]]}}},{"nodeId":10,"description":{"expressions":["z"],"state":{"heap":"monolith","type":{"b":["int32"],"this":["cp*"],"xy":["int32"],"y":["int32"]},"value":[["b","-1"],["xy","0"],["y","3"]]}}},{"nodeId":11,"description":{"expressions":["5"],"state":{"heap":"monolith","type":{"b":["int32"],"this":["cp*"],"xy":["int32"],"y":["int32"]},"value":[["b","-1"],["xy","0"],["y","3"]]}}},{"nodeId":12,"description":{"expressions":["xy == 0"],"state":{"heap":"monolith","type":{"b":["int32"],"this":["cp*"],"xy":["int32"],"y":["int32"],"z":["int32"]},"value":[["b","-1"],["xy","0"],["y","3"],["z","5"]]}}},{"nodeId":13,"description":{"expressions":["xy"],"state":{"heap":"monolith","type":{"b":["int32"],"this":["cp*"],"xy":["int32"],"y":["int32"],"z":["int32"]},"value":[["b","-1"],["xy","0"],["y","3"],["z","5"]]}}},{"nodeId":14,"description":{"expressions":["0"],"state":{"heap":"monolith","type":{"b":["int32"],"this":["cp*"],"xy":["int32"],"y":["int32"],"z":["int32"]},"value":[["b","-1"],["xy","0"],["y","3"],["z","5"]]}}},{"nodeId":15,"description":{"expressions":["xy"],"state":{"heap":"monolith","type":{"b":["int32"],"this":["cp*"],"xy":["int32"],"y":["int32"],"z":["int32"]},"value":[["b","-1"],["xy","5"],["y","3"],["z","5"]]}}},{"nodeId":16,"description":{"expressions":["xy"],"state":{"heap":"monolith","type":{"b":["int32"],"this":["cp*"],"xy":["int32"],"y":["int32"],"z":["int32"]},"value":[["b","-1"],["xy","0"],["y","3"],["z","5"]]}}},{"nodeId":17,"description":{"expressions":["z"],"state":{"heap":"monolith","type":{"b":["int32"],"this":["cp*"],"xy":["int32"],"y":["int32"],"z":["int32"]},"value":[["b","-1"],["xy","0"],["y","3"],["z","5"]]}}},{"nodeId":18,"description":{"expressions":["b"],"state":{"heap":"monolith","type":{"b":["int32"],"this":["cp*"],"xy":["int32"],"y":["int32"],"z":["int32"]},"value":[["b","8"],["xy","5"],["y","3"],["z","5"]]}}},{"nodeId":19,"description":{"expressions":["b"],"state":{"heap":"monolith","type":{"b":["int32"],"this":["cp*"],"xy":["int32"],"y":["int32"],"z":["int32"]},"value":[["b","-1"],["xy","5"],["y","3"],["z","5"]]}}},{"nodeId":20,"description":{"expressions":["xy + y"],"state":{"heap":"monolith","type":{"b":["int32"],"this":["cp*"],"xy":["int32"],"y":["int32"],"z":["int32"]},"value":[["b","-1"],["xy","5"],["y","3"],["z","5"]]}}},{"nodeId":21,"description":{"expressions":["xy"],"state":{"heap":"monolith","type":{"b":["int32"],"this":["cp*"],"xy":["int32"],"y":["int32"],"z":["int32"]},"value":[["b","-1"],["xy","5"],["y","3"],["z","5"]]}}},{"nodeId":22,"description":{"expressions":["y"],"state":{"heap":"monolith","type":{"b":["int32"],"this":["cp*"],"xy":["int32"],"y":["int32"],"z":["int32"]},"value":[["b","-1"],["xy","5"],["y","3"],["z","5"]]}}},{"nodeId":23,"description":{"expressions":["xy"],"state":{"heap":"monolith","type":{"b":["int32"],"this":["cp*"],"xy":["int32"],"y":["int32"],"z":["int32"]},"value":[["b","-1"],["xy","1"],["y","3"],["z","5"]]}}},{"nodeId":24,"description":{"expressions":["xy"],"state":{"heap":"monolith","type":{"b":["int32"],"this":["cp*"],"xy":["int32"],"y":["int32"],"z":["int32"]},"value":[["b","-1"],["xy","0"],["y","3"],["z","5"]]}}},{"nodeId":25,"description":{"expressions":["1"],"state":{"heap":"monolith","type":{"b":["int32"],"this":["cp*"],"xy":["int32"],"y":["int32"],"z":["int32"]},"value":[["b","-1"],["xy","0"],["y","3"],["z","5"]]}}},{"nodeId":26,"description":{"expressions":["b"],"state":{"heap":"monolith","type":{"b":["int32"],"this":["cp*"],"xy":["int32"],"y":["int32"],"z":["int32"]},"value":[["b","4"],["xy","1"],["y","3"],["z","5"]]}}},{"nodeId":27,"description":{"expressions":["b"],"state":{"heap":"monolith","type":{"b":["int32"],"this":["cp*"],"xy":["int32"],"y":["int32"],"z":["int32"]},"value":[["b","-1"],["xy","1"],["y","3"],["z","5"]]}}},{"nodeId":28,"description":{"expressions":["xy + y"],"state":{"heap":"monolith","type":{"b":["int32"],"this":["cp*"],"xy":["int32"],"y":["int32"],"z":["int32"]},"value":[["b","-1"],["xy","1"],["y","3"],["z","5"]]}}},{"nodeId":29,"description":{"expressions":["xy"],"state":{"heap":"monolith","type":{"b":["int32"],"this":["cp*"],"xy":["int32"],"y":["int32"],"z":["int32"]},"value":[["b","-1"],["xy","1"],["y","3"],["z","5"]]}}},{"nodeId":30,"description":{"expressions":["y"],"state":{"heap":"monolith","type":{"b":["int32"],"this":["cp*"],"xy":["int32"],"y":["int32"],"z":["int32"]},"value":[["b","-1"],["xy","1"],["y","3"],["z","5"]]}}},{"nodeId":31,"description":{"expressions":["skip"],"state":{"heap":"monolith","type":{"b":["int32"],"this":["cp*"],"xy":["int32"],"y":["int32"],"z":["int32"]},"value":[["y","3"],["z","5"]]}}}]}